// Jest Snapshot v1, https://goo.gl/fbAQLP

exports[`Leaderboard will render the Leaderboard component correctly 1`] = `
Object {
  "asFragment": [Function],
  "baseElement": <body>
    <div>
      <div
        class="container mt-4"
      >
        <h2
          class="page-title text-center mb-5"
        >
          Leaderboard:
        </h2>
        <table
          class="table table-bordered"
        >
          <thead>
            <tr>
              <th>
                User
              </th>
              <th>
                Total Polls Answered
              </th>
              <th>
                Total Polls Created
              </th>
              <th>
                Total Points
              </th>
            </tr>
          </thead>
          <tbody>
            <tr>
              <td>
                <div
                  class="d-flex align-items-center"
                  data-testid="user-id"
                >
                  <img
                    alt="Sarah Edo"
                    class="user-avatar"
                    src="https://avatar.iran.liara.run/public/95"
                    style="width: 60px; height: 60px;"
                  />
                  <span
                    class="ml-2"
                  >
                    Sarah Edo
                     
                    (Me)
                  </span>
                </div>
              </td>
              <td>
                4
              </td>
              <td>
                2
              </td>
              <td>
                6
              </td>
            </tr>
            <tr>
              <td>
                <div
                  class="d-flex align-items-center"
                  data-testid="user-id"
                >
                  <img
                    alt="Mike Tsamis"
                    class="user-avatar"
                    src="https://avatar.iran.liara.run/public/46"
                    style="width: 60px; height: 60px;"
                  />
                  <span
                    class="ml-2"
                  >
                    Mike Tsamis
                     
                  </span>
                </div>
              </td>
              <td>
                3
              </td>
              <td>
                2
              </td>
              <td>
                5
              </td>
            </tr>
            <tr>
              <td>
                <div
                  class="d-flex align-items-center"
                  data-testid="user-id"
                >
                  <img
                    alt="Tyler McGinnis"
                    class="user-avatar"
                    src="https://avatar.iran.liara.run/public/20"
                    style="width: 60px; height: 60px;"
                  />
                  <span
                    class="ml-2"
                  >
                    Tyler McGinnis
                     
                  </span>
                </div>
              </td>
              <td>
                2
              </td>
              <td>
                2
              </td>
              <td>
                4
              </td>
            </tr>
            <tr>
              <td>
                <div
                  class="d-flex align-items-center"
                  data-testid="user-id"
                >
                  <img
                    alt="Zenobia Oshikanlu"
                    class="user-avatar"
                    src="https://avatar.iran.liara.run/public/85"
                    style="width: 60px; height: 60px;"
                  />
                  <span
                    class="ml-2"
                  >
                    Zenobia Oshikanlu
                     
                  </span>
                </div>
              </td>
              <td>
                1
              </td>
              <td>
                0
              </td>
              <td>
                1
              </td>
            </tr>
          </tbody>
        </table>
      </div>
    </div>
  </body>,
  "container": <div>
    <div
      class="container mt-4"
    >
      <h2
        class="page-title text-center mb-5"
      >
        Leaderboard:
      </h2>
      <table
        class="table table-bordered"
      >
        <thead>
          <tr>
            <th>
              User
            </th>
            <th>
              Total Polls Answered
            </th>
            <th>
              Total Polls Created
            </th>
            <th>
              Total Points
            </th>
          </tr>
        </thead>
        <tbody>
          <tr>
            <td>
              <div
                class="d-flex align-items-center"
                data-testid="user-id"
              >
                <img
                  alt="Sarah Edo"
                  class="user-avatar"
                  src="https://avatar.iran.liara.run/public/95"
                  style="width: 60px; height: 60px;"
                />
                <span
                  class="ml-2"
                >
                  Sarah Edo
                   
                  (Me)
                </span>
              </div>
            </td>
            <td>
              4
            </td>
            <td>
              2
            </td>
            <td>
              6
            </td>
          </tr>
          <tr>
            <td>
              <div
                class="d-flex align-items-center"
                data-testid="user-id"
              >
                <img
                  alt="Mike Tsamis"
                  class="user-avatar"
                  src="https://avatar.iran.liara.run/public/46"
                  style="width: 60px; height: 60px;"
                />
                <span
                  class="ml-2"
                >
                  Mike Tsamis
                   
                </span>
              </div>
            </td>
            <td>
              3
            </td>
            <td>
              2
            </td>
            <td>
              5
            </td>
          </tr>
          <tr>
            <td>
              <div
                class="d-flex align-items-center"
                data-testid="user-id"
              >
                <img
                  alt="Tyler McGinnis"
                  class="user-avatar"
                  src="https://avatar.iran.liara.run/public/20"
                  style="width: 60px; height: 60px;"
                />
                <span
                  class="ml-2"
                >
                  Tyler McGinnis
                   
                </span>
              </div>
            </td>
            <td>
              2
            </td>
            <td>
              2
            </td>
            <td>
              4
            </td>
          </tr>
          <tr>
            <td>
              <div
                class="d-flex align-items-center"
                data-testid="user-id"
              >
                <img
                  alt="Zenobia Oshikanlu"
                  class="user-avatar"
                  src="https://avatar.iran.liara.run/public/85"
                  style="width: 60px; height: 60px;"
                />
                <span
                  class="ml-2"
                >
                  Zenobia Oshikanlu
                   
                </span>
              </div>
            </td>
            <td>
              1
            </td>
            <td>
              0
            </td>
            <td>
              1
            </td>
          </tr>
        </tbody>
      </table>
    </div>
  </div>,
  "debug": [Function],
  "findAllByAltText": [Function],
  "findAllByDisplayValue": [Function],
  "findAllByLabelText": [Function],
  "findAllByPlaceholderText": [Function],
  "findAllByRole": [Function],
  "findAllByTestId": [Function],
  "findAllByText": [Function],
  "findAllByTitle": [Function],
  "findByAltText": [Function],
  "findByDisplayValue": [Function],
  "findByLabelText": [Function],
  "findByPlaceholderText": [Function],
  "findByRole": [Function],
  "findByTestId": [Function],
  "findByText": [Function],
  "findByTitle": [Function],
  "getAllByAltText": [Function],
  "getAllByDisplayValue": [Function],
  "getAllByLabelText": [Function],
  "getAllByPlaceholderText": [Function],
  "getAllByRole": [Function],
  "getAllByTestId": [Function],
  "getAllByText": [Function],
  "getAllByTitle": [Function],
  "getByAltText": [Function],
  "getByDisplayValue": [Function],
  "getByLabelText": [Function],
  "getByPlaceholderText": [Function],
  "getByRole": [Function],
  "getByTestId": [Function],
  "getByText": [Function],
  "getByTitle": [Function],
  "queryAllByAltText": [Function],
  "queryAllByDisplayValue": [Function],
  "queryAllByLabelText": [Function],
  "queryAllByPlaceholderText": [Function],
  "queryAllByRole": [Function],
  "queryAllByTestId": [Function],
  "queryAllByText": [Function],
  "queryAllByTitle": [Function],
  "queryByAltText": [Function],
  "queryByDisplayValue": [Function],
  "queryByLabelText": [Function],
  "queryByPlaceholderText": [Function],
  "queryByRole": [Function],
  "queryByTestId": [Function],
  "queryByText": [Function],
  "queryByTitle": [Function],
  "rerender": [Function],
  "unmount": [Function],
}
`;
