// Jest Snapshot v1, https://goo.gl/fbAQLP

exports[`NewPoll renders the NewPoll component correctly with input fields 1`] = `
Object {
  "asFragment": [Function],
  "baseElement": <body>
    <div>
      <div
        class="container mt-4"
      >
        <h2
          class="mb-4 text-center"
        >
          Create New Poll:
        </h2>
        <div
          class="card p-4 shadow-sm"
        >
          <span
            class="poll-title"
          >
            Would you Rather?
          </span>
          <form>
            <div
              class="form-group mb-3"
            >
              <label
                for="optionOne"
              >
                Option One
              </label>
              <input
                class="form-control"
                id="optionOne"
                placeholder="Enter Option One Text"
                type="text"
                value=""
              />
            </div>
            <div
              class="form-group mb-4"
            >
              <label
                for="optionTwo"
              >
                Option Two
              </label>
              <input
                class="form-control"
                id="optionTwo"
                placeholder="Enter Option Two Text"
                type="text"
                value=""
              />
            </div>
            <button
              class="btn btn-primary w-100"
              disabled=""
              type="submit"
            >
              Submit
            </button>
          </form>
        </div>
      </div>
    </div>
  </body>,
  "container": <div>
    <div
      class="container mt-4"
    >
      <h2
        class="mb-4 text-center"
      >
        Create New Poll:
      </h2>
      <div
        class="card p-4 shadow-sm"
      >
        <span
          class="poll-title"
        >
          Would you Rather?
        </span>
        <form>
          <div
            class="form-group mb-3"
          >
            <label
              for="optionOne"
            >
              Option One
            </label>
            <input
              class="form-control"
              id="optionOne"
              placeholder="Enter Option One Text"
              type="text"
              value=""
            />
          </div>
          <div
            class="form-group mb-4"
          >
            <label
              for="optionTwo"
            >
              Option Two
            </label>
            <input
              class="form-control"
              id="optionTwo"
              placeholder="Enter Option Two Text"
              type="text"
              value=""
            />
          </div>
          <button
            class="btn btn-primary w-100"
            disabled=""
            type="submit"
          >
            Submit
          </button>
        </form>
      </div>
    </div>
  </div>,
  "debug": [Function],
  "findAllByAltText": [Function],
  "findAllByDisplayValue": [Function],
  "findAllByLabelText": [Function],
  "findAllByPlaceholderText": [Function],
  "findAllByRole": [Function],
  "findAllByTestId": [Function],
  "findAllByText": [Function],
  "findAllByTitle": [Function],
  "findByAltText": [Function],
  "findByDisplayValue": [Function],
  "findByLabelText": [Function],
  "findByPlaceholderText": [Function],
  "findByRole": [Function],
  "findByTestId": [Function],
  "findByText": [Function],
  "findByTitle": [Function],
  "getAllByAltText": [Function],
  "getAllByDisplayValue": [Function],
  "getAllByLabelText": [Function],
  "getAllByPlaceholderText": [Function],
  "getAllByRole": [Function],
  "getAllByTestId": [Function],
  "getAllByText": [Function],
  "getAllByTitle": [Function],
  "getByAltText": [Function],
  "getByDisplayValue": [Function],
  "getByLabelText": [Function],
  "getByPlaceholderText": [Function],
  "getByRole": [Function],
  "getByTestId": [Function],
  "getByText": [Function],
  "getByTitle": [Function],
  "queryAllByAltText": [Function],
  "queryAllByDisplayValue": [Function],
  "queryAllByLabelText": [Function],
  "queryAllByPlaceholderText": [Function],
  "queryAllByRole": [Function],
  "queryAllByTestId": [Function],
  "queryAllByText": [Function],
  "queryAllByTitle": [Function],
  "queryByAltText": [Function],
  "queryByDisplayValue": [Function],
  "queryByLabelText": [Function],
  "queryByPlaceholderText": [Function],
  "queryByRole": [Function],
  "queryByTestId": [Function],
  "queryByText": [Function],
  "queryByTitle": [Function],
  "rerender": [Function],
  "unmount": [Function],
}
`;
